2026-04-28 01:24:53,923 - INFO - 生成 90 个NEA项目数据
2026-04-28 01:24:54,067 - INFO - 已保存到: /app/data/所有对话/主对话/光伏储能地图站/crawler/../data/nea_projects.json
2026-04-28 01:24:57,149 - INFO - 生成627个BJX示例项目数据...
2026-04-28 01:24:57,158 - INFO - 生成 896 个项目，总容量约 68.3 GW
2026-04-28 01:24:57,249 - INFO - 已保存到: /app/data/所有对话/主对话/光伏储能地图站/crawler/../data/bjx_projects.json
2026-04-29 01:24:58,851 - INFO - 生成 95 个NEA项目数据
2026-04-29 01:24:58,960 - INFO - 已保存到: /app/data/所有对话/主对话/光伏储能地图站/crawler/../data/nea_projects.json
2026-04-29 01:25:02,494 - INFO - 生成627个BJX示例项目数据...
2026-04-29 01:25:02,506 - INFO - 生成 896 个项目，总容量约 73.5 GW
2026-04-29 01:25:02,577 - INFO - 已保存到: /app/data/所有对话/主对话/光伏储能地图站/crawler/../data/bjx_projects.json
2026-05-02 01:24:59,525 - INFO - 生成 86 个NEA项目数据
2026-05-02 01:24:59,607 - INFO - 已保存到: /app/data/所有对话/主对话/光伏储能地图站/crawler/../data/nea_projects.json
2026-05-02 01:25:02,731 - INFO - 生成627个BJX示例项目数据...
2026-05-02 01:25:02,736 - INFO - 生成 896 个项目，总容量约 74.0 GW
2026-05-02 01:25:02,794 - INFO - 已保存到: /app/data/所有对话/主对话/光伏储能地图站/crawler/../data/bjx_projects.json
2026-05-03 01:24:52,909 - INFO - 生成627个BJX示例项目数据...
2026-05-03 01:24:52,930 - INFO - 生成 896 个项目，总容量约 72.8 GW
2026-05-03 01:24:53,052 - INFO - 已保存到: /app/data/所有对话/主对话/光伏储能地图站/crawler/../data/bjx_projects.json
2026-05-03 01:24:53,168 - INFO - 生成 85 个NEA项目数据
2026-05-03 01:24:53,199 - INFO - 已保存到: /app/data/所有对话/主对话/光伏储能地图站/crawler/../data/nea_projects.json
2026-05-05 01:25:00,759 - INFO - 生成 87 个NEA项目数据
2026-05-05 01:25:00,788 - INFO - 已保存到: /app/data/所有对话/主对话/光伏储能地图站/crawler/../data/nea_projects.json
2026-05-05 01:25:04,759 - INFO - 生成627个BJX示例项目数据...
2026-05-05 01:25:04,782 - INFO - 生成 896 个项目，总容量约 68.8 GW
2026-05-05 01:25:04,837 - INFO - 已保存到: /app/data/所有对话/主对话/光伏储能地图站/crawler/../data/bjx_projects.json
2026-05-06 01:24:50,348 - INFO - 生成 87 个NEA项目数据
2026-05-06 01:24:50,490 - INFO - 已保存到: /app/data/所有对话/主对话/光伏储能地图站/crawler/../data/nea_projects.json
2026-05-06 01:24:53,462 - INFO - 生成627个BJX示例项目数据...
2026-05-06 01:24:53,470 - INFO - 生成 896 个项目，总容量约 71.6 GW
2026-05-06 01:24:53,533 - INFO - 已保存到: /app/data/所有对话/主对话/光伏储能地图站/crawler/../data/bjx_projects.json
2026-05-09 01:25:07,083 - INFO - 生成 87 个NEA项目数据
2026-05-09 01:25:07,126 - INFO - 已保存到: /app/data/所有对话/主对话/光伏储能地图站/crawler/../data/nea_projects.json
2026-05-09 01:25:09,993 - INFO - 生成627个BJX示例项目数据...
2026-05-09 01:25:09,998 - INFO - 生成 896 个项目，总容量约 73.0 GW
2026-05-09 01:25:10,060 - INFO - 已保存到: /app/data/所有对话/主对话/光伏储能地图站/crawler/../data/bjx_projects.json
2026-05-10 01:25:07,826 - INFO - 生成 83 个NEA项目数据
2026-05-10 01:25:07,964 - INFO - 已保存到: /app/data/所有对话/主对话/光伏储能地图站/crawler/../data/nea_projects.json
2026-05-10 01:25:11,501 - INFO - 生成627个BJX示例项目数据...
2026-05-10 01:25:11,511 - INFO - 生成 896 个项目，总容量约 72.4 GW
2026-05-10 01:25:11,570 - INFO - 已保存到: /app/data/所有对话/主对话/光伏储能地图站/crawler/../data/bjx_projects.json
2026-05-11 01:25:21,714 - INFO - 生成 82 个NEA项目数据
2026-05-11 01:25:21,817 - INFO - 已保存到: /app/data/所有对话/主对话/光伏储能地图站/crawler/../data/nea_projects.json
2026-05-11 01:25:25,443 - INFO - 生成627个BJX示例项目数据...
2026-05-11 01:25:25,449 - INFO - 生成 896 个项目，总容量约 70.8 GW
2026-05-11 01:25:25,500 - INFO - 已保存到: /app/data/所有对话/主对话/光伏储能地图站/crawler/../data/bjx_projects.json
2026-05-13 01:24:51,317 - INFO - 生成 88 个NEA项目数据
2026-05-13 01:24:51,428 - INFO - 已保存到: /app/data/所有对话/主对话/光伏储能地图站/crawler/../data/nea_projects.json
2026-05-13 01:24:54,616 - INFO - 生成627个BJX示例项目数据...
2026-05-13 01:24:54,622 - INFO - 生成 896 个项目，总容量约 72.1 GW
2026-05-13 01:24:54,684 - INFO - 已保存到: /app/data/所有对话/主对话/光伏储能地图站/crawler/../data/bjx_projects.json
2026-05-14 01:24:40,583 - INFO - 生成 93 个NEA项目数据
2026-05-14 01:24:40,685 - INFO - 已保存到: /app/data/所有对话/主对话/光伏储能地图站/crawler/../data/nea_projects.json
2026-05-14 01:24:43,861 - INFO - 生成627个BJX示例项目数据...
2026-05-14 01:24:43,873 - INFO - 生成 896 个项目，总容量约 70.4 GW
2026-05-14 01:24:43,954 - INFO - 已保存到: /app/data/所有对话/主对话/光伏储能地图站/crawler/../data/bjx_projects.json
2026-05-15 01:24:32,310 - INFO - 生成627个BJX示例项目数据...
2026-05-15 01:24:32,316 - INFO - 生成 896 个项目，总容量约 71.9 GW
2026-05-15 01:24:32,441 - INFO - 已保存到: /app/data/所有对话/主对话/光伏储能地图站/crawler/../data/bjx_projects.json
2026-05-15 01:24:34,517 - INFO - 生成 90 个NEA项目数据
2026-05-15 01:24:34,557 - INFO - 已保存到: /app/data/所有对话/主对话/光伏储能地图站/crawler/../data/nea_projects.json
2026-05-16 01:24:51,996 - INFO - 生成627个BJX示例项目数据...
2026-05-16 01:24:52,005 - INFO - 生成 896 个项目，总容量约 70.9 GW
2026-05-16 01:24:52,143 - INFO - 已保存到: /app/data/所有对话/主对话/光伏储能地图站/crawler/../data/bjx_projects.json
2026-05-16 01:24:52,644 - INFO - 生成 97 个NEA项目数据
2026-05-16 01:24:52,742 - INFO - 已保存到: /app/data/所有对话/主对话/光伏储能地图站/crawler/../data/nea_projects.json
2026-05-19 01:25:04,958 - INFO - 生成 88 个NEA项目数据
2026-05-19 01:25:05,087 - INFO - 已保存到: /app/data/所有对话/主对话/光伏储能地图站/crawler/../data/nea_projects.json
2026-05-19 01:25:08,591 - INFO - 生成627个BJX示例项目数据...
2026-05-19 01:25:08,595 - INFO - 生成 896 个项目，总容量约 69.3 GW
2026-05-19 01:25:08,654 - INFO - 已保存到: /app/data/所有对话/主对话/光伏储能地图站/crawler/../data/bjx_projects.json
2026-05-20 01:24:49,715 - INFO - 生成 84 个NEA项目数据
2026-05-20 01:24:49,802 - INFO - 已保存到: /app/data/所有对话/主对话/光伏储能地图站/crawler/../data/nea_projects.json
2026-05-20 01:24:53,482 - INFO - 生成627个BJX示例项目数据...
2026-05-20 01:24:53,487 - INFO - 生成 896 个项目，总容量约 73.3 GW
2026-05-20 01:24:53,541 - INFO - 已保存到: /app/data/所有对话/主对话/光伏储能地图站/crawler/../data/bjx_projects.json
