2026-04-30 01:24:58,658 - INFO - 生成 92 个NEA项目数据
2026-04-30 01:24:58,759 - INFO - 已保存到: /app/data/所有对话/主对话/光伏储能地图站/crawler/../data/nea_projects.json
2026-04-30 01:25:01,957 - INFO - 生成627个BJX示例项目数据...
2026-04-30 01:25:01,966 - INFO - 生成 896 个项目，总容量约 68.8 GW
2026-04-30 01:25:02,050 - INFO - 已保存到: /app/data/所有对话/主对话/光伏储能地图站/crawler/../data/bjx_projects.json
2026-05-04 01:25:02,611 - INFO - 生成 91 个NEA项目数据
2026-05-04 01:25:02,721 - INFO - 已保存到: /app/data/所有对话/主对话/光伏储能地图站/crawler/../data/nea_projects.json
2026-05-04 01:25:05,920 - INFO - 生成627个BJX示例项目数据...
2026-05-04 01:25:05,928 - INFO - 生成 896 个项目，总容量约 70.8 GW
2026-05-04 01:25:05,995 - INFO - 已保存到: /app/data/所有对话/主对话/光伏储能地图站/crawler/../data/bjx_projects.json
2026-05-07 01:24:59,907 - INFO - 生成 89 个NEA项目数据
2026-05-07 01:25:00,032 - INFO - 已保存到: /app/data/所有对话/主对话/光伏储能地图站/crawler/../data/nea_projects.json
2026-05-07 01:25:04,425 - INFO - 生成627个BJX示例项目数据...
2026-05-07 01:25:04,437 - INFO - 生成 896 个项目，总容量约 66.5 GW
2026-05-07 01:25:04,527 - INFO - 已保存到: /app/data/所有对话/主对话/光伏储能地图站/crawler/../data/bjx_projects.json
2026-05-08 01:35:34,654 - INFO - 生成 90 个NEA项目数据
2026-05-08 01:35:34,769 - INFO - 已保存到: /app/data/所有对话/主对话/光伏储能地图站/crawler/../data/nea_projects.json
2026-05-08 01:35:40,117 - INFO - 生成627个BJX示例项目数据...
2026-05-08 01:35:40,125 - INFO - 生成 896 个项目，总容量约 71.4 GW
2026-05-08 01:35:40,260 - INFO - 已保存到: /app/data/所有对话/主对话/光伏储能地图站/crawler/../data/bjx_projects.json
2026-05-12 01:24:47,640 - INFO - 生成 85 个NEA项目数据
2026-05-12 01:24:47,758 - INFO - 已保存到: /app/data/所有对话/主对话/光伏储能地图站/crawler/../data/nea_projects.json
2026-05-12 01:24:48,106 - INFO - 生成627个BJX示例项目数据...
2026-05-12 01:24:48,111 - INFO - 生成 896 个项目，总容量约 70.7 GW
2026-05-12 01:24:48,224 - INFO - 已保存到: /app/data/所有对话/主对话/光伏储能地图站/crawler/../data/bjx_projects.json
2026-05-17 01:24:55,061 - INFO - 生成 93 个NEA项目数据
2026-05-17 01:24:55,145 - INFO - 已保存到: /app/data/所有对话/主对话/光伏储能地图站/crawler/../data/nea_projects.json
2026-05-17 01:25:08,386 - INFO - 生成627个BJX示例项目数据...
2026-05-17 01:25:08,393 - INFO - 生成 896 个项目，总容量约 70.6 GW
2026-05-17 01:25:08,449 - INFO - 已保存到: /app/data/所有对话/主对话/光伏储能地图站/crawler/../data/bjx_projects.json
2026-05-18 01:24:53,536 - INFO - 生成 89 个NEA项目数据
2026-05-18 01:24:53,643 - INFO - 已保存到: /app/data/所有对话/主对话/光伏储能地图站/crawler/../data/nea_projects.json
2026-05-18 01:25:01,260 - INFO - 生成627个BJX示例项目数据...
2026-05-18 01:25:01,278 - INFO - 生成 896 个项目，总容量约 69.2 GW
2026-05-18 01:25:01,615 - INFO - 已保存到: /app/data/所有对话/主对话/光伏储能地图站/crawler/../data/bjx_projects.json
2026-05-21 01:24:38,624 - INFO - 生成 89 个NEA项目数据
2026-05-21 01:24:38,707 - INFO - 已保存到: /app/data/所有对话/主对话/光伏储能地图站/crawler/../data/nea_projects.json
2026-05-21 01:24:38,864 - INFO - 生成627个BJX示例项目数据...
2026-05-21 01:24:38,869 - INFO - 生成 896 个项目，总容量约 69.4 GW
2026-05-21 01:24:38,932 - INFO - 已保存到: /app/data/所有对话/主对话/光伏储能地图站/crawler/../data/bjx_projects.json
